27
4, 1
5, 1
6, 1
7, 1
8, 1
9, 1
10, 1
11, 1
11, 2
11, 3
12, 3
13, 3
13, 4
13, 5
13, 6
13, 7
13, 8
13, 9
13, 10
13, 11
12, 11
11, 11
11, 12
11, 13
12, 13
13, 13
13, 14
