14
***********
*         *
********* *
*M*ooo*o* *
*o***o*o* *
*ooooooo*  
***********
