21
***********
*        o*
*********o*
*M*ooo*ooo*
*o***o*o*o*
*ooooooo*oo
***********
