17
*******
*M*ooo*
*o*o*o*
*o*o*o*
*o*o*o*
*ooo*oo
*******
