30
***********
*ooooooooo*
*********o*
*M*ooo*ooo*
*o***o*o*o*
*oooooooooo
***********
