11
***********
*         *
********* *
*M*   *   *
*o*** * * *
*oooooooooo
***********
