29
***********
*ooooooooo*
*********o*
*M*ooo*o*o*
*o***o*o*o*
*oooooooooo
***********
