29
***********
*ooooooooo*
*********o*
*M*ooo*ooo*
*o***o*o*o*
*ooooooo*oo
***********
