15
***********
*         *
********* *
*M*   *ooo*
*o*** *o*o*
*ooooooo*oo
***********
